// Jest Snapshot v1, https://goo.gl/fbAQLP

exports[`Card Component renders correctly 1`] = `
<View>
  <Text
    style={
      [
        {
          "color": "#ef4444",
        },
        {
          "fontSize": 18,
        },
        {
          "paddingLeft": 16,
          "paddingRight": 16,
        },
        {
          "textAlign": "center",
        },
      ]
    }
  >
    Open up /app/index.tsx to start working on your app!
  </Text>
</View>
`;
